------------------------------------------------------------
Timing Analyzer Summary
------------------------------------------------------------

Type  : Slow 1100mV 85C Model Setup 'clk_div:nclk|clk25'
Slack : -8.323
TNS   : -246.320

Type  : Slow 1100mV 85C Model Setup 'clk'
Slack : -6.274
TNS   : -208.340

Type  : Slow 1100mV 85C Model Setup 'boton'
Slack : -5.745
TNS   : -17.029

Type  : Slow 1100mV 85C Model Setup 'new_clock:nw|q'
Slack : -3.718
TNS   : -10.928

Type  : Slow 1100mV 85C Model Hold 'boton'
Slack : 0.220
TNS   : 0.000

Type  : Slow 1100mV 85C Model Hold 'clk'
Slack : 0.373
TNS   : 0.000

Type  : Slow 1100mV 85C Model Hold 'clk_div:nclk|clk25'
Slack : 0.376
TNS   : 0.000

Type  : Slow 1100mV 85C Model Hold 'new_clock:nw|q'
Slack : 0.717
TNS   : 0.000

Type  : Slow 1100mV 85C Model Minimum Pulse Width 'clk'
Slack : -0.897
TNS   : -58.422

Type  : Slow 1100mV 85C Model Minimum Pulse Width 'clk_div:nclk|clk25'
Slack : -0.394
TNS   : -36.333

Type  : Slow 1100mV 85C Model Minimum Pulse Width 'boton'
Slack : -0.394
TNS   : -2.059

Type  : Slow 1100mV 85C Model Minimum Pulse Width 'new_clock:nw|q'
Slack : -0.394
TNS   : -1.772

Type  : Slow 1100mV 0C Model Setup 'clk_div:nclk|clk25'
Slack : -8.201
TNS   : -242.299

Type  : Slow 1100mV 0C Model Setup 'clk'
Slack : -5.963
TNS   : -209.007

Type  : Slow 1100mV 0C Model Setup 'boton'
Slack : -5.554
TNS   : -16.388

Type  : Slow 1100mV 0C Model Setup 'new_clock:nw|q'
Slack : -3.903
TNS   : -11.467

Type  : Slow 1100mV 0C Model Hold 'clk'
Slack : 0.245
TNS   : 0.000

Type  : Slow 1100mV 0C Model Hold 'boton'
Slack : 0.285
TNS   : 0.000

Type  : Slow 1100mV 0C Model Hold 'clk_div:nclk|clk25'
Slack : 0.328
TNS   : 0.000

Type  : Slow 1100mV 0C Model Hold 'new_clock:nw|q'
Slack : 0.723
TNS   : 0.000

Type  : Slow 1100mV 0C Model Minimum Pulse Width 'clk'
Slack : -0.888
TNS   : -63.500

Type  : Slow 1100mV 0C Model Minimum Pulse Width 'clk_div:nclk|clk25'
Slack : -0.394
TNS   : -35.555

Type  : Slow 1100mV 0C Model Minimum Pulse Width 'new_clock:nw|q'
Slack : -0.394
TNS   : -1.762

Type  : Slow 1100mV 0C Model Minimum Pulse Width 'boton'
Slack : -0.394
TNS   : -1.624

Type  : Fast 1100mV 85C Model Setup 'clk_div:nclk|clk25'
Slack : -4.783
TNS   : -133.902

Type  : Fast 1100mV 85C Model Setup 'clk'
Slack : -3.717
TNS   : -84.709

Type  : Fast 1100mV 85C Model Setup 'boton'
Slack : -3.694
TNS   : -10.714

Type  : Fast 1100mV 85C Model Setup 'new_clock:nw|q'
Slack : -1.752
TNS   : -5.196

Type  : Fast 1100mV 85C Model Hold 'clk_div:nclk|clk25'
Slack : 0.059
TNS   : 0.000

Type  : Fast 1100mV 85C Model Hold 'boton'
Slack : 0.141
TNS   : 0.000

Type  : Fast 1100mV 85C Model Hold 'clk'
Slack : 0.182
TNS   : 0.000

Type  : Fast 1100mV 85C Model Hold 'new_clock:nw|q'
Slack : 0.305
TNS   : 0.000

Type  : Fast 1100mV 85C Model Minimum Pulse Width 'clk'
Slack : -0.788
TNS   : -10.971

Type  : Fast 1100mV 85C Model Minimum Pulse Width 'boton'
Slack : -0.314
TNS   : -1.139

Type  : Fast 1100mV 85C Model Minimum Pulse Width 'new_clock:nw|q'
Slack : -0.029
TNS   : -0.029

Type  : Fast 1100mV 85C Model Minimum Pulse Width 'clk_div:nclk|clk25'
Slack : -0.023
TNS   : -0.065

Type  : Fast 1100mV 0C Model Setup 'clk_div:nclk|clk25'
Slack : -4.683
TNS   : -118.637

Type  : Fast 1100mV 0C Model Setup 'clk'
Slack : -3.548
TNS   : -72.920

Type  : Fast 1100mV 0C Model Setup 'boton'
Slack : -3.054
TNS   : -8.821

Type  : Fast 1100mV 0C Model Setup 'new_clock:nw|q'
Slack : -1.741
TNS   : -5.144

Type  : Fast 1100mV 0C Model Hold 'clk_div:nclk|clk25'
Slack : -0.002
TNS   : -0.002

Type  : Fast 1100mV 0C Model Hold 'clk'
Slack : 0.147
TNS   : 0.000

Type  : Fast 1100mV 0C Model Hold 'boton'
Slack : 0.148
TNS   : 0.000

Type  : Fast 1100mV 0C Model Hold 'new_clock:nw|q'
Slack : 0.278
TNS   : 0.000

Type  : Fast 1100mV 0C Model Minimum Pulse Width 'clk'
Slack : -0.743
TNS   : -10.983

Type  : Fast 1100mV 0C Model Minimum Pulse Width 'boton'
Slack : -0.314
TNS   : -1.115

Type  : Fast 1100mV 0C Model Minimum Pulse Width 'new_clock:nw|q'
Slack : 0.010
TNS   : 0.000

Type  : Fast 1100mV 0C Model Minimum Pulse Width 'clk_div:nclk|clk25'
Slack : 0.013
TNS   : 0.000

------------------------------------------------------------
