------------------------------------------------------------
Timing Analyzer Summary
------------------------------------------------------------

Type  : Slow 1100mV 85C Model Setup 'clk_div:nclk|clk25'
Slack : -8.620
TNS   : -177.890

Type  : Slow 1100mV 85C Model Setup 'boton'
Slack : -6.067
TNS   : -17.559

Type  : Slow 1100mV 85C Model Setup 'clk'
Slack : -4.119
TNS   : -201.873

Type  : Slow 1100mV 85C Model Setup 'new_clock:nw|q'
Slack : -4.039
TNS   : -11.328

Type  : Slow 1100mV 85C Model Hold 'boton'
Slack : 0.220
TNS   : 0.000

Type  : Slow 1100mV 85C Model Hold 'clk'
Slack : 0.376
TNS   : 0.000

Type  : Slow 1100mV 85C Model Hold 'clk_div:nclk|clk25'
Slack : 0.465
TNS   : 0.000

Type  : Slow 1100mV 85C Model Hold 'new_clock:nw|q'
Slack : 0.708
TNS   : 0.000

Type  : Slow 1100mV 85C Model Minimum Pulse Width 'clk'
Slack : -0.822
TNS   : -56.791

Type  : Slow 1100mV 85C Model Minimum Pulse Width 'clk_div:nclk|clk25'
Slack : -0.394
TNS   : -38.126

Type  : Slow 1100mV 85C Model Minimum Pulse Width 'boton'
Slack : -0.394
TNS   : -1.912

Type  : Slow 1100mV 85C Model Minimum Pulse Width 'new_clock:nw|q'
Slack : -0.394
TNS   : -1.611

Type  : Slow 1100mV 0C Model Setup 'clk_div:nclk|clk25'
Slack : -8.528
TNS   : -176.283

Type  : Slow 1100mV 0C Model Setup 'boton'
Slack : -5.908
TNS   : -16.893

Type  : Slow 1100mV 0C Model Setup 'new_clock:nw|q'
Slack : -4.186
TNS   : -11.805

Type  : Slow 1100mV 0C Model Setup 'clk'
Slack : -3.960
TNS   : -202.328

Type  : Slow 1100mV 0C Model Hold 'clk'
Slack : 0.051
TNS   : 0.000

Type  : Slow 1100mV 0C Model Hold 'boton'
Slack : 0.287
TNS   : 0.000

Type  : Slow 1100mV 0C Model Hold 'clk_div:nclk|clk25'
Slack : 0.431
TNS   : 0.000

Type  : Slow 1100mV 0C Model Hold 'new_clock:nw|q'
Slack : 0.719
TNS   : 0.000

Type  : Slow 1100mV 0C Model Minimum Pulse Width 'clk'
Slack : -0.820
TNS   : -61.425

Type  : Slow 1100mV 0C Model Minimum Pulse Width 'clk_div:nclk|clk25'
Slack : -0.394
TNS   : -37.009

Type  : Slow 1100mV 0C Model Minimum Pulse Width 'boton'
Slack : -0.394
TNS   : -1.625

Type  : Slow 1100mV 0C Model Minimum Pulse Width 'new_clock:nw|q'
Slack : -0.394
TNS   : -1.609

Type  : Fast 1100mV 85C Model Setup 'clk_div:nclk|clk25'
Slack : -5.094
TNS   : -86.588

Type  : Fast 1100mV 85C Model Setup 'boton'
Slack : -3.895
TNS   : -11.069

Type  : Fast 1100mV 85C Model Setup 'clk'
Slack : -3.121
TNS   : -81.047

Type  : Fast 1100mV 85C Model Setup 'new_clock:nw|q'
Slack : -1.995
TNS   : -5.508

Type  : Fast 1100mV 85C Model Hold 'clk_div:nclk|clk25'
Slack : -0.007
TNS   : -0.007

Type  : Fast 1100mV 85C Model Hold 'boton'
Slack : 0.141
TNS   : 0.000

Type  : Fast 1100mV 85C Model Hold 'clk'
Slack : 0.182
TNS   : 0.000

Type  : Fast 1100mV 85C Model Hold 'new_clock:nw|q'
Slack : 0.301
TNS   : 0.000

Type  : Fast 1100mV 85C Model Minimum Pulse Width 'clk'
Slack : -0.724
TNS   : -10.547

Type  : Fast 1100mV 85C Model Minimum Pulse Width 'boton'
Slack : -0.315
TNS   : -1.138

Type  : Fast 1100mV 85C Model Minimum Pulse Width 'clk_div:nclk|clk25'
Slack : -0.051
TNS   : -0.669

Type  : Fast 1100mV 85C Model Minimum Pulse Width 'new_clock:nw|q'
Slack : 0.076
TNS   : 0.000

Type  : Fast 1100mV 0C Model Setup 'clk_div:nclk|clk25'
Slack : -4.946
TNS   : -76.665

Type  : Fast 1100mV 0C Model Setup 'boton'
Slack : -3.248
TNS   : -9.172

Type  : Fast 1100mV 0C Model Setup 'clk'
Slack : -2.672
TNS   : -69.499

Type  : Fast 1100mV 0C Model Setup 'new_clock:nw|q'
Slack : -1.944
TNS   : -5.403

Type  : Fast 1100mV 0C Model Hold 'clk_div:nclk|clk25'
Slack : -0.043
TNS   : -0.188

Type  : Fast 1100mV 0C Model Hold 'clk'
Slack : 0.005
TNS   : 0.000

Type  : Fast 1100mV 0C Model Hold 'boton'
Slack : 0.148
TNS   : 0.000

Type  : Fast 1100mV 0C Model Hold 'new_clock:nw|q'
Slack : 0.278
TNS   : 0.000

Type  : Fast 1100mV 0C Model Minimum Pulse Width 'clk'
Slack : -0.693
TNS   : -10.705

Type  : Fast 1100mV 0C Model Minimum Pulse Width 'boton'
Slack : -0.315
TNS   : -1.108

Type  : Fast 1100mV 0C Model Minimum Pulse Width 'clk_div:nclk|clk25'
Slack : -0.011
TNS   : -0.041

Type  : Fast 1100mV 0C Model Minimum Pulse Width 'new_clock:nw|q'
Slack : 0.093
TNS   : 0.000

------------------------------------------------------------
